{
  "version": "1.5.0",
  "plugins_used": [
    {
      "name": "ArtifactoryDetector"
    },
    {
      "name": "AWSKeyDetector"
    },
    {
      "name": "AzureStorageKeyDetector"
    },
    {
      "name": "Base64HighEntropyString",
      "limit": 4.5
    },
    {
      "name": "BasicAuthDetector"
    },
    {
      "name": "CloudantDetector"
    },
    {
      "name": "DiscordBotTokenDetector"
    },
    {
      "name": "GitHubTokenDetector"
    },
    {
      "name": "GitLabTokenDetector"
    },
    {
      "name": "HexHighEntropyString",
      "limit": 3.0
    },
    {
      "name": "IbmCloudIamDetector"
    },
    {
      "name": "IbmCosHmacDetector"
    },
    {
      "name": "IPPublicDetector"
    },
    {
      "name": "JwtTokenDetector"
    },
    {
      "name": "KeywordDetector",
      "keyword_exclude": ""
    },
    {
      "name": "MailchimpDetector"
    },
    {
      "name": "NpmDetector"
    },
    {
      "name": "OpenAIDetector"
    },
    {
      "name": "PrivateKeyDetector"
    },
    {
      "name": "PypiTokenDetector"
    },
    {
      "name": "SendGridDetector"
    },
    {
      "name": "SlackDetector"
    },
    {
      "name": "SoftlayerDetector"
    },
    {
      "name": "SquareOAuthDetector"
    },
    {
      "name": "StripeDetector"
    },
    {
      "name": "TelegramBotTokenDetector"
    },
    {
      "name": "TwilioKeyDetector"
    }
  ],
  "filters_used": [
    {
      "path": "detect_secrets.filters.allowlist.is_line_allowlisted"
    },
    {
      "path": "detect_secrets.filters.common.is_baseline_file",
      "filename": ".secrets.baseline"
    },
    {
      "path": "detect_secrets.filters.common.is_ignored_due_to_verification_policies",
      "min_level": 2
    },
    {
      "path": "detect_secrets.filters.heuristic.is_indirect_reference"
    },
    {
      "path": "detect_secrets.filters.heuristic.is_likely_id_string"
    },
    {
      "path": "detect_secrets.filters.heuristic.is_lock_file"
    },
    {
      "path": "detect_secrets.filters.heuristic.is_not_alphanumeric_string"
    },
    {
      "path": "detect_secrets.filters.heuristic.is_potential_uuid"
    },
    {
      "path": "detect_secrets.filters.heuristic.is_prefixed_with_dollar_sign"
    },
    {
      "path": "detect_secrets.filters.heuristic.is_sequential_string"
    },
    {
      "path": "detect_secrets.filters.heuristic.is_swagger_file"
    },
    {
      "path": "detect_secrets.filters.heuristic.is_templated_secret"
    }
  ],
  "results": {
    "README.md": [
      {
        "type": "Secret Keyword",
        "filename": "README.md",
        "hashed_secret": "11fa7c37d697f30e6aee828b4426a10f83ab2380",
        "is_verified": false,
        "line_number": 62
      }
    ],
    "docs/IMAGE_GENERATION_GUIDE.md": [
      {
        "type": "Secret Keyword",
        "filename": "docs/IMAGE_GENERATION_GUIDE.md",
        "hashed_secret": "11fa7c37d697f30e6aee828b4426a10f83ab2380",
        "is_verified": false,
        "line_number": 35
      }
    ],
    "scripts/generate_image.py": [
      {
        "type": "Secret Keyword",
        "filename": "scripts/generate_image.py",
        "hashed_secret": "11fa7c37d697f30e6aee828b4426a10f83ab2380",
        "is_verified": false,
        "line_number": 322
      }
    ],
    "tests/test_generate_image.py": [
      {
        "type": "Secret Keyword",
        "filename": "tests/test_generate_image.py",
        "hashed_secret": "74a1715fcdfe0d2da5e6923870206f2e51c98725",
        "is_verified": false,
        "line_number": 159
      },
      {
        "type": "Secret Keyword",
        "filename": "tests/test_generate_image.py",
        "hashed_secret": "67ee7511a335fa68a8bd6e3de107f541f23fe8b1",
        "is_verified": false,
        "line_number": 1866
      },
      {
        "type": "Base64 High Entropy String",
        "filename": "tests/test_generate_image.py",
        "hashed_secret": "3e1737c0e6d49faa5ab1664e800b277ba1ad45c1",
        "is_verified": false,
        "line_number": 3631
      },
      {
        "type": "Secret Keyword",
        "filename": "tests/test_generate_image.py",
        "hashed_secret": "3eef1e65b58065dc42fe80112b3c7d37412b1067",
        "is_verified": false,
        "line_number": 3644
      },
      {
        "type": "Secret Keyword",
        "filename": "tests/test_generate_image.py",
        "hashed_secret": "46811968b547d7997b1fea82cfb1bc5c4016ebd2",
        "is_verified": false,
        "line_number": 3645
      }
    ]
  },
  "generated_at": "2026-06-01T16:02:39Z"
}
